com/rjs/fsm/job/JobStatusHistoryRepository.class
com/rjs/fsm/tenant/TenantContext.class
com/rjs/fsm/user/UserService.class
com/rjs/fsm/api/GlobalExceptionHandler.class
com/rjs/fsm/RjsFsmApplication.class
com/rjs/fsm/job/dto/CreateJobRequest.class
com/rjs/fsm/user/UserRole.class
com/rjs/fsm/job/dto/AssignJobRequest.class
com/rjs/fsm/job/JobStatusHistory.class
com/rjs/fsm/api/AdminController.class
com/rjs/fsm/api/exception/NotFoundException.class
com/rjs/fsm/user/dto/SetActiveRequest.class
com/rjs/fsm/util/PasswordGen.class
com/rjs/fsm/api/exception/BadRequestException.class
com/rjs/fsm/user/AdminUserController.class
com/rjs/fsm/tenant/TenantRepository.class
com/rjs/fsm/user/dto/CreateUserRequest.class
com/rjs/fsm/security/DbUserDetailsService.class
com/rjs/fsm/api/TechController.class
com/rjs/fsm/job/dto/JobResponse.class
com/rjs/fsm/job/dto/JobStatusHistoryResponse.class
com/rjs/fsm/api/MeController.class
com/rjs/fsm/job/JobRepository.class
com/rjs/fsm/job/AdminJobController.class
com/rjs/fsm/api/HealthController.class
com/rjs/fsm/job/JobStatus.class
com/rjs/fsm/job/JobService.class
com/rjs/fsm/user/User.class
com/rjs/fsm/api/ApiError$FieldViolation.class
com/rjs/fsm/job/dto/UpdateJobStatusRequest.class
com/rjs/fsm/api/exception/ForbiddenException.class
com/rjs/fsm/user/dto/UpdatePasswordRequest.class
com/rjs/fsm/tenant/Tenant.class
com/rjs/fsm/user/dto/UserResponse.class
com/rjs/fsm/user/dto/UpdateUserRequest.class
com/rjs/fsm/user/UserRepository.class
com/rjs/fsm/security/SecurityConfig.class
com/rjs/fsm/tenant/TenantFilter.class
com/rjs/fsm/job/Job.class
com/rjs/fsm/job/TechJobController.class
com/rjs/fsm/api/ApiError.class
