/Users/sartini/Desktop/rjs-fsm/src/main/java/com/rjs/fsm/PasswordGen.java
/Users/sartini/Desktop/rjs-fsm/src/main/java/com/rjs/fsm/RjsFsmApplication.java
/Users/sartini/Desktop/rjs-fsm/src/main/java/com/rjs/fsm/api/AdminController.java
/Users/sartini/Desktop/rjs-fsm/src/main/java/com/rjs/fsm/api/ApiError.java
/Users/sartini/Desktop/rjs-fsm/src/main/java/com/rjs/fsm/api/GlobalExceptionHandler.java
/Users/sartini/Desktop/rjs-fsm/src/main/java/com/rjs/fsm/api/HealthController.java
/Users/sartini/Desktop/rjs-fsm/src/main/java/com/rjs/fsm/api/MeController.java
/Users/sartini/Desktop/rjs-fsm/src/main/java/com/rjs/fsm/api/TechController.java
/Users/sartini/Desktop/rjs-fsm/src/main/java/com/rjs/fsm/api/exception/BadRequestException.java
/Users/sartini/Desktop/rjs-fsm/src/main/java/com/rjs/fsm/api/exception/ForbiddenException.java
/Users/sartini/Desktop/rjs-fsm/src/main/java/com/rjs/fsm/api/exception/NotFoundException.java
/Users/sartini/Desktop/rjs-fsm/src/main/java/com/rjs/fsm/job/AdminJobController.java
/Users/sartini/Desktop/rjs-fsm/src/main/java/com/rjs/fsm/job/Job.java
/Users/sartini/Desktop/rjs-fsm/src/main/java/com/rjs/fsm/job/JobRepository.java
/Users/sartini/Desktop/rjs-fsm/src/main/java/com/rjs/fsm/job/JobService.java
/Users/sartini/Desktop/rjs-fsm/src/main/java/com/rjs/fsm/job/JobStatus.java
/Users/sartini/Desktop/rjs-fsm/src/main/java/com/rjs/fsm/job/JobStatusHistory.java
/Users/sartini/Desktop/rjs-fsm/src/main/java/com/rjs/fsm/job/JobStatusHistoryRepository.java
/Users/sartini/Desktop/rjs-fsm/src/main/java/com/rjs/fsm/job/TechJobController.java
/Users/sartini/Desktop/rjs-fsm/src/main/java/com/rjs/fsm/job/dto/AssignJobRequest.java
/Users/sartini/Desktop/rjs-fsm/src/main/java/com/rjs/fsm/job/dto/CreateJobRequest.java
/Users/sartini/Desktop/rjs-fsm/src/main/java/com/rjs/fsm/job/dto/JobResponse.java
/Users/sartini/Desktop/rjs-fsm/src/main/java/com/rjs/fsm/job/dto/JobStatusHistoryResponse.java
/Users/sartini/Desktop/rjs-fsm/src/main/java/com/rjs/fsm/job/dto/UpdateJobStatusRequest.java
/Users/sartini/Desktop/rjs-fsm/src/main/java/com/rjs/fsm/security/DbUserDetailsService.java
/Users/sartini/Desktop/rjs-fsm/src/main/java/com/rjs/fsm/security/SecurityConfig.java
/Users/sartini/Desktop/rjs-fsm/src/main/java/com/rjs/fsm/tenant/Tenant.java
/Users/sartini/Desktop/rjs-fsm/src/main/java/com/rjs/fsm/tenant/TenantContext.java
/Users/sartini/Desktop/rjs-fsm/src/main/java/com/rjs/fsm/tenant/TenantFilter.java
/Users/sartini/Desktop/rjs-fsm/src/main/java/com/rjs/fsm/tenant/TenantRepository.java
/Users/sartini/Desktop/rjs-fsm/src/main/java/com/rjs/fsm/user/AdminUserController.java
/Users/sartini/Desktop/rjs-fsm/src/main/java/com/rjs/fsm/user/User.java
/Users/sartini/Desktop/rjs-fsm/src/main/java/com/rjs/fsm/user/UserRepository.java
/Users/sartini/Desktop/rjs-fsm/src/main/java/com/rjs/fsm/user/UserRole.java
/Users/sartini/Desktop/rjs-fsm/src/main/java/com/rjs/fsm/user/UserService.java
/Users/sartini/Desktop/rjs-fsm/src/main/java/com/rjs/fsm/user/dto/CreateUserRequest.java
/Users/sartini/Desktop/rjs-fsm/src/main/java/com/rjs/fsm/user/dto/SetActiveRequest.java
/Users/sartini/Desktop/rjs-fsm/src/main/java/com/rjs/fsm/user/dto/UpdatePasswordRequest.java
/Users/sartini/Desktop/rjs-fsm/src/main/java/com/rjs/fsm/user/dto/UpdateUserRequest.java
/Users/sartini/Desktop/rjs-fsm/src/main/java/com/rjs/fsm/user/dto/UserResponse.java
